// Jest Snapshot v1, https://goo.gl/fbAQLP

exports[`BookGallery should render 1`] = `
<div>
  <section
    class="row-start-1 col-span-3 h-auto overflow-auto"
  >
    <div
      class="grid grid-flow-row-dense grid-cols-1 gap-4 sm:grid-cols-2 md:grid-cols-3 lg:grid-cols-4 xl:grid-cols-5 2xl:grid-cols-6 p-2"
    >
      <div>
        <div />
      </div>
    </div>
  </section>
</div>
`;
