// Vitest Snapshot v1, https://vitest.dev/guide/snapshot.html

exports[`App > should be render App 1`] = `
{
  "asFragment": [Function],
  "baseElement": <body>
    <div>
      <div
        class="flex flex-col max-w-6xl min-h-screen gap-4 py-1 mx-auto rounded-lg bg-background"
      >
        <header
          class="flex flex-col items-center justify-between px-8 mt-8 md:flex-row-reverse"
        >
          <div
            class="text-primary"
            style="opacity: 0;"
          >
            <span
              class="text-8xl lg:text-9xl font-pp"
              style="opacity: 0;"
            >
              B
            </span>
            <span
              class="text-8xl lg:text-9xl font-pp"
              style="opacity: 0;"
            >
              o
            </span>
            <span
              class="text-8xl lg:text-9xl font-pp"
              style="opacity: 0;"
            >
              o
            </span>
            <span
              class="text-8xl lg:text-9xl font-pp"
              style="opacity: 0;"
            >
              k
            </span>
            <span
              class="text-8xl lg:text-9xl font-pp"
              style="opacity: 0;"
            >
              S
            </span>
            <span
              class="text-8xl lg:text-9xl font-pp"
              style="opacity: 0;"
            >
              t
            </span>
            <span
              class="text-8xl lg:text-9xl font-pp"
              style="opacity: 0;"
            >
              o
            </span>
            <span
              class="text-8xl lg:text-9xl font-pp"
              style="opacity: 0;"
            >
              r
            </span>
            <span
              class="text-8xl lg:text-9xl font-pp"
              style="opacity: 0;"
            >
              e
            </span>
          </div>
          <section
            class="flex flex-col-reverse gap-6 p-6 rounded-lg bg-background-light text-primary md:flex-row"
          >
            <section
              class="flex flex-col items-center justify-center gap-4"
            >
              <div
                class="flex flex-col gap-2 w-[160px]"
              >
                <label
                  class="flex justify-between text-xs font-pop"
                  for=":r0:"
                >
                  <span>
                    Maximo de Paginas:
                  </span>
                  <span>
                     
                    0
                  </span>
                </label>
                <input
                  id=":r0:"
                  max="2000"
                  min="0"
                  type="range"
                  value="0"
                />
              </div>
              <select
                class="border border-background-light bg-secondary text-sm rounded-lg block w-full p-2.5 text-primary self-start font-pop"
              >
                <option
                  value="all"
                >
                  All Genres
                </option>
                <option
                  value="Fantasía"
                >
                  Fantasía
                </option>
                <option
                  value="Ciencia ficción"
                >
                  Ciencia ficción
                </option>
                <option
                  value="Zombies"
                >
                  Zombies
                </option>
                <option
                  value="Terror"
                >
                  Terror
                </option>
              </select>
            </section>
            <div
              class="flex flex-col min-w-[240px] justify-center gap-1 bg-blue-600 bg-opacity-10 p-4 rounded-lg"
            >
              <h3
                class="flex justify-between font-pop"
              >
                Total books:
                <span
                  class="font-bold"
                >
                  13
                </span>
              </h3>
            </div>
          </section>
        </header>
        <main
          class="flex flex-col flex-1 gap-4 px-8 pb-8 md:flex-row"
        >
          <section
            class="flex flex-col flex-1 h-full gap-8 rounded-lg bg-background-light"
          >
            <ul
              class="grid grid-cols-[repeat(auto-fit,minmax(135px,170px))] gap-8 p-8 justify-center md:justify-center"
            >
              <li
                class="relative group h-auto w-[100%] rounded-lg shadow-md shadow-gray-800"
              >
                <img
                  class="aspect-[2/3] object-cover group-hover:opacity-50 transition-opacity duration-300 rounded-lg"
                  src="https://images-na.ssl-images-amazon.com/images/S/compressed.photo.goodreads.com/books/1566425108i/33.jpg"
                  style="opacity: 1;"
                />
                <div
                  class="absolute left-0 right-0 flex flex-col gap-3 transition-opacity duration-300 opacity-0 bottom-4 group-hover:opacity-100 font-pop text-background"
                >
                  <a
                    class="py-2 mx-2 text-center transition-all duration-300 rounded-full hover:bg-primary hover:text-background font-pop bg-background-light text-primary hover:underline-offset-4 hover:underline"
                    href="/book/978-0618640157"
                  >
                    <svg
                      class="absolute w-6 h-6 left-6"
                      fill="none"
                      stroke="currentColor"
                      stroke-width="1.5"
                      viewBox="0 0 24 24"
                      xmlns="http://www.w3.org/2000/svg"
                    >
                      <path
                        d="M21 21l-5.197-5.197m0 0A7.5 7.5 0 105.196 5.196a7.5 7.5 0 0010.607 10.607z"
                        stroke-linecap="round"
                        stroke-linejoin="round"
                      />
                    </svg>
                    <span
                      class="pl-9"
                    >
                      View Details
                    </span>
                  </a>
                  <button
                    class="rounded-full font-pop mx-2 text-primary py-2 bg-secondary hover:bg-blue-950 flex justify-center gap-3 hover:underline-offset-4 hover:underline transition-all duration-300"
                    name="add-to-read"
                    type="button"
                  >
                    <svg
                      class="w-6 h-6"
                      fill="none"
                      stroke="currentColor"
                      stroke-width="1.5"
                      viewBox="0 0 24 24"
                      xmlns="http://www.w3.org/2000/svg"
                    >
                      <path
                        d="M12 9v6m3-3H9m12 0a9 9 0 11-18 0 9 9 0 0118 0z"
                        stroke-linecap="round"
                        stroke-linejoin="round"
                      />
                    </svg>
                    <span>
                      Add to Read
                    </span>
                  </button>
                </div>
              </li>
              <li
                class="relative group h-auto w-[100%] rounded-lg shadow-md shadow-gray-800"
              >
                <img
                  class="aspect-[2/3] object-cover group-hover:opacity-50 transition-opacity duration-300 rounded-lg"
                  src="https://images-na.ssl-images-amazon.com/images/S/compressed.photo.goodreads.com/books/1273763400i/8189620.jpg"
                  style="opacity: 1;"
                />
                <div
                  class="absolute left-0 right-0 flex flex-col gap-3 transition-opacity duration-300 opacity-0 bottom-4 group-hover:opacity-100 font-pop text-background"
                >
                  <a
                    class="py-2 mx-2 text-center transition-all duration-300 rounded-full hover:bg-primary hover:text-background font-pop bg-background-light text-primary hover:underline-offset-4 hover:underline"
                    href="/book/978-0553103540"
                  >
                    <svg
                      class="absolute w-6 h-6 left-6"
                      fill="none"
                      stroke="currentColor"
                      stroke-width="1.5"
                      viewBox="0 0 24 24"
                      xmlns="http://www.w3.org/2000/svg"
                    >
                      <path
                        d="M21 21l-5.197-5.197m0 0A7.5 7.5 0 105.196 5.196a7.5 7.5 0 0010.607 10.607z"
                        stroke-linecap="round"
                        stroke-linejoin="round"
                      />
                    </svg>
                    <span
                      class="pl-9"
                    >
                      View Details
                    </span>
                  </a>
                  <button
                    class="rounded-full font-pop mx-2 text-primary py-2 bg-secondary hover:bg-blue-950 flex justify-center gap-3 hover:underline-offset-4 hover:underline transition-all duration-300"
                    name="add-to-read"
                    type="button"
                  >
                    <svg
                      class="w-6 h-6"
                      fill="none"
                      stroke="currentColor"
                      stroke-width="1.5"
                      viewBox="0 0 24 24"
                      xmlns="http://www.w3.org/2000/svg"
                    >
                      <path
                        d="M12 9v6m3-3H9m12 0a9 9 0 11-18 0 9 9 0 0118 0z"
                        stroke-linecap="round"
                        stroke-linejoin="round"
                      />
                    </svg>
                    <span>
                      Add to Read
                    </span>
                  </button>
                </div>
              </li>
              <li
                class="relative group h-auto w-[100%] rounded-lg shadow-md shadow-gray-800"
              >
                <img
                  class="aspect-[2/3] object-cover group-hover:opacity-50 transition-opacity duration-300 rounded-lg"
                  src="https://images-na.ssl-images-amazon.com/images/S/compressed.photo.goodreads.com/books/1550337333i/15868.jpg"
                  style="opacity: 1;"
                />
                <div
                  class="absolute left-0 right-0 flex flex-col gap-3 transition-opacity duration-300 opacity-0 bottom-4 group-hover:opacity-100 font-pop text-background"
                >
                  <a
                    class="py-2 mx-2 text-center transition-all duration-300 rounded-full hover:bg-primary hover:text-background font-pop bg-background-light text-primary hover:underline-offset-4 hover:underline"
                    href="/book/978-0747532699"
                  >
                    <svg
                      class="absolute w-6 h-6 left-6"
                      fill="none"
                      stroke="currentColor"
                      stroke-width="1.5"
                      viewBox="0 0 24 24"
                      xmlns="http://www.w3.org/2000/svg"
                    >
                      <path
                        d="M21 21l-5.197-5.197m0 0A7.5 7.5 0 105.196 5.196a7.5 7.5 0 0010.607 10.607z"
                        stroke-linecap="round"
                        stroke-linejoin="round"
                      />
                    </svg>
                    <span
                      class="pl-9"
                    >
                      View Details
                    </span>
                  </a>
                  <button
                    class="rounded-full font-pop mx-2 text-primary py-2 bg-secondary hover:bg-blue-950 flex justify-center gap-3 hover:underline-offset-4 hover:underline transition-all duration-300"
                    name="add-to-read"
                    type="button"
                  >
                    <svg
                      class="w-6 h-6"
                      fill="none"
                      stroke="currentColor"
                      stroke-width="1.5"
                      viewBox="0 0 24 24"
                      xmlns="http://www.w3.org/2000/svg"
                    >
                      <path
                        d="M12 9v6m3-3H9m12 0a9 9 0 11-18 0 9 9 0 0118 0z"
                        stroke-linecap="round"
                        stroke-linejoin="round"
                      />
                    </svg>
                    <span>
                      Add to Read
                    </span>
                  </button>
                </div>
              </li>
              <li
                class="relative group h-auto w-[100%] rounded-lg shadow-md shadow-gray-800"
              >
                <img
                  class="aspect-[2/3] object-cover group-hover:opacity-50 transition-opacity duration-300 rounded-lg"
                  src="https://images-na.ssl-images-amazon.com/images/S/compressed.photo.goodreads.com/books/1657781256i/61439040.jpg"
                  style="opacity: 1;"
                />
                <div
                  class="absolute left-0 right-0 flex flex-col gap-3 transition-opacity duration-300 opacity-0 bottom-4 group-hover:opacity-100 font-pop text-background"
                >
                  <a
                    class="py-2 mx-2 text-center transition-all duration-300 rounded-full hover:bg-primary hover:text-background font-pop bg-background-light text-primary hover:underline-offset-4 hover:underline"
                    href="/book/978-0451524935"
                  >
                    <svg
                      class="absolute w-6 h-6 left-6"
                      fill="none"
                      stroke="currentColor"
                      stroke-width="1.5"
                      viewBox="0 0 24 24"
                      xmlns="http://www.w3.org/2000/svg"
                    >
                      <path
                        d="M21 21l-5.197-5.197m0 0A7.5 7.5 0 105.196 5.196a7.5 7.5 0 0010.607 10.607z"
                        stroke-linecap="round"
                        stroke-linejoin="round"
                      />
                    </svg>
                    <span
                      class="pl-9"
                    >
                      View Details
                    </span>
                  </a>
                  <button
                    class="rounded-full font-pop mx-2 text-primary py-2 bg-secondary hover:bg-blue-950 flex justify-center gap-3 hover:underline-offset-4 hover:underline transition-all duration-300"
                    name="add-to-read"
                    type="button"
                  >
                    <svg
                      class="w-6 h-6"
                      fill="none"
                      stroke="currentColor"
                      stroke-width="1.5"
                      viewBox="0 0 24 24"
                      xmlns="http://www.w3.org/2000/svg"
                    >
                      <path
                        d="M12 9v6m3-3H9m12 0a9 9 0 11-18 0 9 9 0 0118 0z"
                        stroke-linecap="round"
                        stroke-linejoin="round"
                      />
                    </svg>
                    <span>
                      Add to Read
                    </span>
                  </button>
                </div>
              </li>
              <li
                class="relative group h-auto w-[100%] rounded-lg shadow-md shadow-gray-800"
              >
                <img
                  class="aspect-[2/3] object-cover group-hover:opacity-50 transition-opacity duration-300 rounded-lg"
                  src="https://images-na.ssl-images-amazon.com/images/S/compressed.photo.goodreads.com/books/1422626176i/24762432.jpg"
                  style="opacity: 1;"
                />
                <div
                  class="absolute left-0 right-0 flex flex-col gap-3 transition-opacity duration-300 opacity-0 bottom-4 group-hover:opacity-100 font-pop text-background"
                >
                  <a
                    class="py-2 mx-2 text-center transition-all duration-300 rounded-full hover:bg-primary hover:text-background font-pop bg-background-light text-primary hover:underline-offset-4 hover:underline"
                    href="/book/978-4444532611"
                  >
                    <svg
                      class="absolute w-6 h-6 left-6"
                      fill="none"
                      stroke="currentColor"
                      stroke-width="1.5"
                      viewBox="0 0 24 24"
                      xmlns="http://www.w3.org/2000/svg"
                    >
                      <path
                        d="M21 21l-5.197-5.197m0 0A7.5 7.5 0 105.196 5.196a7.5 7.5 0 0010.607 10.607z"
                        stroke-linecap="round"
                        stroke-linejoin="round"
                      />
                    </svg>
                    <span
                      class="pl-9"
                    >
                      View Details
                    </span>
                  </a>
                  <button
                    class="rounded-full font-pop mx-2 text-primary py-2 bg-secondary hover:bg-blue-950 flex justify-center gap-3 hover:underline-offset-4 hover:underline transition-all duration-300"
                    name="add-to-read"
                    type="button"
                  >
                    <svg
                      class="w-6 h-6"
                      fill="none"
                      stroke="currentColor"
                      stroke-width="1.5"
                      viewBox="0 0 24 24"
                      xmlns="http://www.w3.org/2000/svg"
                    >
                      <path
                        d="M12 9v6m3-3H9m12 0a9 9 0 11-18 0 9 9 0 0118 0z"
                        stroke-linecap="round"
                        stroke-linejoin="round"
                      />
                    </svg>
                    <span>
                      Add to Read
                    </span>
                  </button>
                </div>
              </li>
              <li
                class="relative group h-auto w-[100%] rounded-lg shadow-md shadow-gray-800"
              >
                <img
                  class="aspect-[2/3] object-cover group-hover:opacity-50 transition-opacity duration-300 rounded-lg"
                  src="https://images-na.ssl-images-amazon.com/images/S/compressed.photo.goodreads.com/books/1555447414i/44767458.jpg"
                  style="opacity: 1;"
                />
                <div
                  class="absolute left-0 right-0 flex flex-col gap-3 transition-opacity duration-300 opacity-0 bottom-4 group-hover:opacity-100 font-pop text-background"
                >
                  <a
                    class="py-2 mx-2 text-center transition-all duration-300 rounded-full hover:bg-primary hover:text-background font-pop bg-background-light text-primary hover:underline-offset-4 hover:underline"
                    href="/book/978-0441172719"
                  >
                    <svg
                      class="absolute w-6 h-6 left-6"
                      fill="none"
                      stroke="currentColor"
                      stroke-width="1.5"
                      viewBox="0 0 24 24"
                      xmlns="http://www.w3.org/2000/svg"
                    >
                      <path
                        d="M21 21l-5.197-5.197m0 0A7.5 7.5 0 105.196 5.196a7.5 7.5 0 0010.607 10.607z"
                        stroke-linecap="round"
                        stroke-linejoin="round"
                      />
                    </svg>
                    <span
                      class="pl-9"
                    >
                      View Details
                    </span>
                  </a>
                  <button
                    class="rounded-full font-pop mx-2 text-primary py-2 bg-secondary hover:bg-blue-950 flex justify-center gap-3 hover:underline-offset-4 hover:underline transition-all duration-300"
                    name="add-to-read"
                    type="button"
                  >
                    <svg
                      class="w-6 h-6"
                      fill="none"
                      stroke="currentColor"
                      stroke-width="1.5"
                      viewBox="0 0 24 24"
                      xmlns="http://www.w3.org/2000/svg"
                    >
                      <path
                        d="M12 9v6m3-3H9m12 0a9 9 0 11-18 0 9 9 0 0118 0z"
                        stroke-linecap="round"
                        stroke-linejoin="round"
                      />
                    </svg>
                    <span>
                      Add to Read
                    </span>
                  </button>
                </div>
              </li>
              <li
                class="relative group h-auto w-[100%] rounded-lg shadow-md shadow-gray-800"
              >
                <img
                  class="aspect-[2/3] object-cover group-hover:opacity-50 transition-opacity duration-300 rounded-lg"
                  src="https://images-na.ssl-images-amazon.com/images/S/compressed.photo.goodreads.com/books/1653311117i/6691227.jpg"
                  style="opacity: 1;"
                />
                <div
                  class="absolute left-0 right-0 flex flex-col gap-3 transition-opacity duration-300 opacity-0 bottom-4 group-hover:opacity-100 font-pop text-background"
                >
                  <a
                    class="py-2 mx-2 text-center transition-all duration-300 rounded-full hover:bg-primary hover:text-background font-pop bg-background-light text-primary hover:underline-offset-4 hover:underline"
                    href="/book/978-0345391803"
                  >
                    <svg
                      class="absolute w-6 h-6 left-6"
                      fill="none"
                      stroke="currentColor"
                      stroke-width="1.5"
                      viewBox="0 0 24 24"
                      xmlns="http://www.w3.org/2000/svg"
                    >
                      <path
                        d="M21 21l-5.197-5.197m0 0A7.5 7.5 0 105.196 5.196a7.5 7.5 0 0010.607 10.607z"
                        stroke-linecap="round"
                        stroke-linejoin="round"
                      />
                    </svg>
                    <span
                      class="pl-9"
                    >
                      View Details
                    </span>
                  </a>
                  <button
                    class="rounded-full font-pop mx-2 text-primary py-2 bg-secondary hover:bg-blue-950 flex justify-center gap-3 hover:underline-offset-4 hover:underline transition-all duration-300"
                    name="add-to-read"
                    type="button"
                  >
                    <svg
                      class="w-6 h-6"
                      fill="none"
                      stroke="currentColor"
                      stroke-width="1.5"
                      viewBox="0 0 24 24"
                      xmlns="http://www.w3.org/2000/svg"
                    >
                      <path
                        d="M12 9v6m3-3H9m12 0a9 9 0 11-18 0 9 9 0 0118 0z"
                        stroke-linecap="round"
                        stroke-linejoin="round"
                      />
                    </svg>
                    <span>
                      Add to Read
                    </span>
                  </button>
                </div>
              </li>
              <li
                class="relative group h-auto w-[100%] rounded-lg shadow-md shadow-gray-800"
              >
                <img
                  class="aspect-[2/3] object-cover group-hover:opacity-50 transition-opacity duration-300 rounded-lg"
                  src="https://images-na.ssl-images-amazon.com/images/S/compressed.photo.goodreads.com/books/1554437249i/6088007.jpg"
                  style="opacity: 1;"
                />
                <div
                  class="absolute left-0 right-0 flex flex-col gap-3 transition-opacity duration-300 opacity-0 bottom-4 group-hover:opacity-100 font-pop text-background"
                >
                  <a
                    class="py-2 mx-2 text-center transition-all duration-300 rounded-full hover:bg-primary hover:text-background font-pop bg-background-light text-primary hover:underline-offset-4 hover:underline"
                    href="/book/978-0441569595"
                  >
                    <svg
                      class="absolute w-6 h-6 left-6"
                      fill="none"
                      stroke="currentColor"
                      stroke-width="1.5"
                      viewBox="0 0 24 24"
                      xmlns="http://www.w3.org/2000/svg"
                    >
                      <path
                        d="M21 21l-5.197-5.197m0 0A7.5 7.5 0 105.196 5.196a7.5 7.5 0 0010.607 10.607z"
                        stroke-linecap="round"
                        stroke-linejoin="round"
                      />
                    </svg>
                    <span
                      class="pl-9"
                    >
                      View Details
                    </span>
                  </a>
                  <button
                    class="rounded-full font-pop mx-2 text-primary py-2 bg-secondary hover:bg-blue-950 flex justify-center gap-3 hover:underline-offset-4 hover:underline transition-all duration-300"
                    name="add-to-read"
                    type="button"
                  >
                    <svg
                      class="w-6 h-6"
                      fill="none"
                      stroke="currentColor"
                      stroke-width="1.5"
                      viewBox="0 0 24 24"
                      xmlns="http://www.w3.org/2000/svg"
                    >
                      <path
                        d="M12 9v6m3-3H9m12 0a9 9 0 11-18 0 9 9 0 0118 0z"
                        stroke-linecap="round"
                        stroke-linejoin="round"
                      />
                    </svg>
                    <span>
                      Add to Read
                    </span>
                  </button>
                </div>
              </li>
              <li
                class="relative group h-auto w-[100%] rounded-lg shadow-md shadow-gray-800"
              >
                <img
                  class="aspect-[2/3] object-cover group-hover:opacity-50 transition-opacity duration-300 rounded-lg"
                  src="https://images-na.ssl-images-amazon.com/images/S/compressed.photo.goodreads.com/books/1383718290i/13079982.jpg"
                  style="opacity: 1;"
                />
                <div
                  class="absolute left-0 right-0 flex flex-col gap-3 transition-opacity duration-300 opacity-0 bottom-4 group-hover:opacity-100 font-pop text-background"
                >
                  <a
                    class="py-2 mx-2 text-center transition-all duration-300 rounded-full hover:bg-primary hover:text-background font-pop bg-background-light text-primary hover:underline-offset-4 hover:underline"
                    href="/book/978-1451673319"
                  >
                    <svg
                      class="absolute w-6 h-6 left-6"
                      fill="none"
                      stroke="currentColor"
                      stroke-width="1.5"
                      viewBox="0 0 24 24"
                      xmlns="http://www.w3.org/2000/svg"
                    >
                      <path
                        d="M21 21l-5.197-5.197m0 0A7.5 7.5 0 105.196 5.196a7.5 7.5 0 0010.607 10.607z"
                        stroke-linecap="round"
                        stroke-linejoin="round"
                      />
                    </svg>
                    <span
                      class="pl-9"
                    >
                      View Details
                    </span>
                  </a>
                  <button
                    class="rounded-full font-pop mx-2 text-primary py-2 bg-secondary hover:bg-blue-950 flex justify-center gap-3 hover:underline-offset-4 hover:underline transition-all duration-300"
                    name="add-to-read"
                    type="button"
                  >
                    <svg
                      class="w-6 h-6"
                      fill="none"
                      stroke="currentColor"
                      stroke-width="1.5"
                      viewBox="0 0 24 24"
                      xmlns="http://www.w3.org/2000/svg"
                    >
                      <path
                        d="M12 9v6m3-3H9m12 0a9 9 0 11-18 0 9 9 0 0118 0z"
                        stroke-linecap="round"
                        stroke-linejoin="round"
                      />
                    </svg>
                    <span>
                      Add to Read
                    </span>
                  </button>
                </div>
              </li>
              <li
                class="relative group h-auto w-[100%] rounded-lg shadow-md shadow-gray-800"
              >
                <img
                  class="aspect-[2/3] object-cover group-hover:opacity-50 transition-opacity duration-300 rounded-lg"
                  src="https://images-na.ssl-images-amazon.com/images/S/compressed.photo.goodreads.com/books/1641398308i/60038757.jpg"
                  style="opacity: 1;"
                />
                <div
                  class="absolute left-0 right-0 flex flex-col gap-3 transition-opacity duration-300 opacity-0 bottom-4 group-hover:opacity-100 font-pop text-background"
                >
                  <a
                    class="py-2 mx-2 text-center transition-all duration-300 rounded-full hover:bg-primary hover:text-background font-pop bg-background-light text-primary hover:underline-offset-4 hover:underline"
                    href="/book/978-0307743657"
                  >
                    <svg
                      class="absolute w-6 h-6 left-6"
                      fill="none"
                      stroke="currentColor"
                      stroke-width="1.5"
                      viewBox="0 0 24 24"
                      xmlns="http://www.w3.org/2000/svg"
                    >
                      <path
                        d="M21 21l-5.197-5.197m0 0A7.5 7.5 0 105.196 5.196a7.5 7.5 0 0010.607 10.607z"
                        stroke-linecap="round"
                        stroke-linejoin="round"
                      />
                    </svg>
                    <span
                      class="pl-9"
                    >
                      View Details
                    </span>
                  </a>
                  <button
                    class="rounded-full font-pop mx-2 text-primary py-2 bg-secondary hover:bg-blue-950 flex justify-center gap-3 hover:underline-offset-4 hover:underline transition-all duration-300"
                    name="add-to-read"
                    type="button"
                  >
                    <svg
                      class="w-6 h-6"
                      fill="none"
                      stroke="currentColor"
                      stroke-width="1.5"
                      viewBox="0 0 24 24"
                      xmlns="http://www.w3.org/2000/svg"
                    >
                      <path
                        d="M12 9v6m3-3H9m12 0a9 9 0 11-18 0 9 9 0 0118 0z"
                        stroke-linecap="round"
                        stroke-linejoin="round"
                      />
                    </svg>
                    <span>
                      Add to Read
                    </span>
                  </button>
                </div>
              </li>
              <li
                class="relative group h-auto w-[100%] rounded-lg shadow-md shadow-gray-800"
              >
                <img
                  class="aspect-[2/3] object-cover group-hover:opacity-50 transition-opacity duration-300 rounded-lg"
                  src="https://images-na.ssl-images-amazon.com/images/S/compressed.photo.goodreads.com/books/1387151694i/17245.jpg"
                  style="opacity: 1;"
                />
                <div
                  class="absolute left-0 right-0 flex flex-col gap-3 transition-opacity duration-300 opacity-0 bottom-4 group-hover:opacity-100 font-pop text-background"
                >
                  <a
                    class="py-2 mx-2 text-center transition-all duration-300 rounded-full hover:bg-primary hover:text-background font-pop bg-background-light text-primary hover:underline-offset-4 hover:underline"
                    href="/book/978-0486411095"
                  >
                    <svg
                      class="absolute w-6 h-6 left-6"
                      fill="none"
                      stroke="currentColor"
                      stroke-width="1.5"
                      viewBox="0 0 24 24"
                      xmlns="http://www.w3.org/2000/svg"
                    >
                      <path
                        d="M21 21l-5.197-5.197m0 0A7.5 7.5 0 105.196 5.196a7.5 7.5 0 0010.607 10.607z"
                        stroke-linecap="round"
                        stroke-linejoin="round"
                      />
                    </svg>
                    <span
                      class="pl-9"
                    >
                      View Details
                    </span>
                  </a>
                  <button
                    class="rounded-full font-pop mx-2 text-primary py-2 bg-secondary hover:bg-blue-950 flex justify-center gap-3 hover:underline-offset-4 hover:underline transition-all duration-300"
                    name="add-to-read"
                    type="button"
                  >
                    <svg
                      class="w-6 h-6"
                      fill="none"
                      stroke="currentColor"
                      stroke-width="1.5"
                      viewBox="0 0 24 24"
                      xmlns="http://www.w3.org/2000/svg"
                    >
                      <path
                        d="M12 9v6m3-3H9m12 0a9 9 0 11-18 0 9 9 0 0118 0z"
                        stroke-linecap="round"
                        stroke-linejoin="round"
                      />
                    </svg>
                    <span>
                      Add to Read
                    </span>
                  </button>
                </div>
              </li>
              <li
                class="relative group h-auto w-[100%] rounded-lg shadow-md shadow-gray-800"
              >
                <img
                  class="aspect-[2/3] object-cover group-hover:opacity-50 transition-opacity duration-300 rounded-lg"
                  src="https://images-na.ssl-images-amazon.com/images/S/compressed.photo.goodreads.com/books/1669159060i/63631742.jpg"
                  style="opacity: 1;"
                />
                <div
                  class="absolute left-0 right-0 flex flex-col gap-3 transition-opacity duration-300 opacity-0 bottom-4 group-hover:opacity-100 font-pop text-background"
                >
                  <a
                    class="py-2 mx-2 text-center transition-all duration-300 rounded-full hover:bg-primary hover:text-background font-pop bg-background-light text-primary hover:underline-offset-4 hover:underline"
                    href="/book/978-0486282114"
                  >
                    <svg
                      class="absolute w-6 h-6 left-6"
                      fill="none"
                      stroke="currentColor"
                      stroke-width="1.5"
                      viewBox="0 0 24 24"
                      xmlns="http://www.w3.org/2000/svg"
                    >
                      <path
                        d="M21 21l-5.197-5.197m0 0A7.5 7.5 0 105.196 5.196a7.5 7.5 0 0010.607 10.607z"
                        stroke-linecap="round"
                        stroke-linejoin="round"
                      />
                    </svg>
                    <span
                      class="pl-9"
                    >
                      View Details
                    </span>
                  </a>
                  <button
                    class="rounded-full font-pop mx-2 text-primary py-2 bg-secondary hover:bg-blue-950 flex justify-center gap-3 hover:underline-offset-4 hover:underline transition-all duration-300"
                    name="add-to-read"
                    type="button"
                  >
                    <svg
                      class="w-6 h-6"
                      fill="none"
                      stroke="currentColor"
                      stroke-width="1.5"
                      viewBox="0 0 24 24"
                      xmlns="http://www.w3.org/2000/svg"
                    >
                      <path
                        d="M12 9v6m3-3H9m12 0a9 9 0 11-18 0 9 9 0 0118 0z"
                        stroke-linecap="round"
                        stroke-linejoin="round"
                      />
                    </svg>
                    <span>
                      Add to Read
                    </span>
                  </button>
                </div>
              </li>
              <li
                class="relative group h-auto w-[100%] rounded-lg shadow-md shadow-gray-800"
              >
                <img
                  class="aspect-[2/3] object-cover group-hover:opacity-50 transition-opacity duration-300 rounded-lg"
                  src="https://images-na.ssl-images-amazon.com/images/S/compressed.photo.goodreads.com/books/1485924654i/34094154.jpg"
                  style="opacity: 1;"
                />
                <div
                  class="absolute left-0 right-0 flex flex-col gap-3 transition-opacity duration-300 opacity-0 bottom-4 group-hover:opacity-100 font-pop text-background"
                >
                  <a
                    class="py-2 mx-2 text-center transition-all duration-300 rounded-full hover:bg-primary hover:text-background font-pop bg-background-light text-primary hover:underline-offset-4 hover:underline"
                    href="/book/978-1542461690"
                  >
                    <svg
                      class="absolute w-6 h-6 left-6"
                      fill="none"
                      stroke="currentColor"
                      stroke-width="1.5"
                      viewBox="0 0 24 24"
                      xmlns="http://www.w3.org/2000/svg"
                    >
                      <path
                        d="M21 21l-5.197-5.197m0 0A7.5 7.5 0 105.196 5.196a7.5 7.5 0 0010.607 10.607z"
                        stroke-linecap="round"
                        stroke-linejoin="round"
                      />
                    </svg>
                    <span
                      class="pl-9"
                    >
                      View Details
                    </span>
                  </a>
                  <button
                    class="rounded-full font-pop mx-2 text-primary py-2 bg-secondary hover:bg-blue-950 flex justify-center gap-3 hover:underline-offset-4 hover:underline transition-all duration-300"
                    name="add-to-read"
                    type="button"
                  >
                    <svg
                      class="w-6 h-6"
                      fill="none"
                      stroke="currentColor"
                      stroke-width="1.5"
                      viewBox="0 0 24 24"
                      xmlns="http://www.w3.org/2000/svg"
                    >
                      <path
                        d="M12 9v6m3-3H9m12 0a9 9 0 11-18 0 9 9 0 0118 0z"
                        stroke-linecap="round"
                        stroke-linejoin="round"
                      />
                    </svg>
                    <span>
                      Add to Read
                    </span>
                  </button>
                </div>
              </li>
            </ul>
          </section>
        </main>
      </div>
    </div>
  </body>,
  "container": <div>
    <div
      class="flex flex-col max-w-6xl min-h-screen gap-4 py-1 mx-auto rounded-lg bg-background"
    >
      <header
        class="flex flex-col items-center justify-between px-8 mt-8 md:flex-row-reverse"
      >
        <div
          class="text-primary"
          style="opacity: 0;"
        >
          <span
            class="text-8xl lg:text-9xl font-pp"
            style="opacity: 0;"
          >
            B
          </span>
          <span
            class="text-8xl lg:text-9xl font-pp"
            style="opacity: 0;"
          >
            o
          </span>
          <span
            class="text-8xl lg:text-9xl font-pp"
            style="opacity: 0;"
          >
            o
          </span>
          <span
            class="text-8xl lg:text-9xl font-pp"
            style="opacity: 0;"
          >
            k
          </span>
          <span
            class="text-8xl lg:text-9xl font-pp"
            style="opacity: 0;"
          >
            S
          </span>
          <span
            class="text-8xl lg:text-9xl font-pp"
            style="opacity: 0;"
          >
            t
          </span>
          <span
            class="text-8xl lg:text-9xl font-pp"
            style="opacity: 0;"
          >
            o
          </span>
          <span
            class="text-8xl lg:text-9xl font-pp"
            style="opacity: 0;"
          >
            r
          </span>
          <span
            class="text-8xl lg:text-9xl font-pp"
            style="opacity: 0;"
          >
            e
          </span>
        </div>
        <section
          class="flex flex-col-reverse gap-6 p-6 rounded-lg bg-background-light text-primary md:flex-row"
        >
          <section
            class="flex flex-col items-center justify-center gap-4"
          >
            <div
              class="flex flex-col gap-2 w-[160px]"
            >
              <label
                class="flex justify-between text-xs font-pop"
                for=":r0:"
              >
                <span>
                  Maximo de Paginas:
                </span>
                <span>
                   
                  0
                </span>
              </label>
              <input
                id=":r0:"
                max="2000"
                min="0"
                type="range"
                value="0"
              />
            </div>
            <select
              class="border border-background-light bg-secondary text-sm rounded-lg block w-full p-2.5 text-primary self-start font-pop"
            >
              <option
                value="all"
              >
                All Genres
              </option>
              <option
                value="Fantasía"
              >
                Fantasía
              </option>
              <option
                value="Ciencia ficción"
              >
                Ciencia ficción
              </option>
              <option
                value="Zombies"
              >
                Zombies
              </option>
              <option
                value="Terror"
              >
                Terror
              </option>
            </select>
          </section>
          <div
            class="flex flex-col min-w-[240px] justify-center gap-1 bg-blue-600 bg-opacity-10 p-4 rounded-lg"
          >
            <h3
              class="flex justify-between font-pop"
            >
              Total books:
              <span
                class="font-bold"
              >
                13
              </span>
            </h3>
          </div>
        </section>
      </header>
      <main
        class="flex flex-col flex-1 gap-4 px-8 pb-8 md:flex-row"
      >
        <section
          class="flex flex-col flex-1 h-full gap-8 rounded-lg bg-background-light"
        >
          <ul
            class="grid grid-cols-[repeat(auto-fit,minmax(135px,170px))] gap-8 p-8 justify-center md:justify-center"
          >
            <li
              class="relative group h-auto w-[100%] rounded-lg shadow-md shadow-gray-800"
            >
              <img
                class="aspect-[2/3] object-cover group-hover:opacity-50 transition-opacity duration-300 rounded-lg"
                src="https://images-na.ssl-images-amazon.com/images/S/compressed.photo.goodreads.com/books/1566425108i/33.jpg"
                style="opacity: 1;"
              />
              <div
                class="absolute left-0 right-0 flex flex-col gap-3 transition-opacity duration-300 opacity-0 bottom-4 group-hover:opacity-100 font-pop text-background"
              >
                <a
                  class="py-2 mx-2 text-center transition-all duration-300 rounded-full hover:bg-primary hover:text-background font-pop bg-background-light text-primary hover:underline-offset-4 hover:underline"
                  href="/book/978-0618640157"
                >
                  <svg
                    class="absolute w-6 h-6 left-6"
                    fill="none"
                    stroke="currentColor"
                    stroke-width="1.5"
                    viewBox="0 0 24 24"
                    xmlns="http://www.w3.org/2000/svg"
                  >
                    <path
                      d="M21 21l-5.197-5.197m0 0A7.5 7.5 0 105.196 5.196a7.5 7.5 0 0010.607 10.607z"
                      stroke-linecap="round"
                      stroke-linejoin="round"
                    />
                  </svg>
                  <span
                    class="pl-9"
                  >
                    View Details
                  </span>
                </a>
                <button
                  class="rounded-full font-pop mx-2 text-primary py-2 bg-secondary hover:bg-blue-950 flex justify-center gap-3 hover:underline-offset-4 hover:underline transition-all duration-300"
                  name="add-to-read"
                  type="button"
                >
                  <svg
                    class="w-6 h-6"
                    fill="none"
                    stroke="currentColor"
                    stroke-width="1.5"
                    viewBox="0 0 24 24"
                    xmlns="http://www.w3.org/2000/svg"
                  >
                    <path
                      d="M12 9v6m3-3H9m12 0a9 9 0 11-18 0 9 9 0 0118 0z"
                      stroke-linecap="round"
                      stroke-linejoin="round"
                    />
                  </svg>
                  <span>
                    Add to Read
                  </span>
                </button>
              </div>
            </li>
            <li
              class="relative group h-auto w-[100%] rounded-lg shadow-md shadow-gray-800"
            >
              <img
                class="aspect-[2/3] object-cover group-hover:opacity-50 transition-opacity duration-300 rounded-lg"
                src="https://images-na.ssl-images-amazon.com/images/S/compressed.photo.goodreads.com/books/1273763400i/8189620.jpg"
                style="opacity: 1;"
              />
              <div
                class="absolute left-0 right-0 flex flex-col gap-3 transition-opacity duration-300 opacity-0 bottom-4 group-hover:opacity-100 font-pop text-background"
              >
                <a
                  class="py-2 mx-2 text-center transition-all duration-300 rounded-full hover:bg-primary hover:text-background font-pop bg-background-light text-primary hover:underline-offset-4 hover:underline"
                  href="/book/978-0553103540"
                >
                  <svg
                    class="absolute w-6 h-6 left-6"
                    fill="none"
                    stroke="currentColor"
                    stroke-width="1.5"
                    viewBox="0 0 24 24"
                    xmlns="http://www.w3.org/2000/svg"
                  >
                    <path
                      d="M21 21l-5.197-5.197m0 0A7.5 7.5 0 105.196 5.196a7.5 7.5 0 0010.607 10.607z"
                      stroke-linecap="round"
                      stroke-linejoin="round"
                    />
                  </svg>
                  <span
                    class="pl-9"
                  >
                    View Details
                  </span>
                </a>
                <button
                  class="rounded-full font-pop mx-2 text-primary py-2 bg-secondary hover:bg-blue-950 flex justify-center gap-3 hover:underline-offset-4 hover:underline transition-all duration-300"
                  name="add-to-read"
                  type="button"
                >
                  <svg
                    class="w-6 h-6"
                    fill="none"
                    stroke="currentColor"
                    stroke-width="1.5"
                    viewBox="0 0 24 24"
                    xmlns="http://www.w3.org/2000/svg"
                  >
                    <path
                      d="M12 9v6m3-3H9m12 0a9 9 0 11-18 0 9 9 0 0118 0z"
                      stroke-linecap="round"
                      stroke-linejoin="round"
                    />
                  </svg>
                  <span>
                    Add to Read
                  </span>
                </button>
              </div>
            </li>
            <li
              class="relative group h-auto w-[100%] rounded-lg shadow-md shadow-gray-800"
            >
              <img
                class="aspect-[2/3] object-cover group-hover:opacity-50 transition-opacity duration-300 rounded-lg"
                src="https://images-na.ssl-images-amazon.com/images/S/compressed.photo.goodreads.com/books/1550337333i/15868.jpg"
                style="opacity: 1;"
              />
              <div
                class="absolute left-0 right-0 flex flex-col gap-3 transition-opacity duration-300 opacity-0 bottom-4 group-hover:opacity-100 font-pop text-background"
              >
                <a
                  class="py-2 mx-2 text-center transition-all duration-300 rounded-full hover:bg-primary hover:text-background font-pop bg-background-light text-primary hover:underline-offset-4 hover:underline"
                  href="/book/978-0747532699"
                >
                  <svg
                    class="absolute w-6 h-6 left-6"
                    fill="none"
                    stroke="currentColor"
                    stroke-width="1.5"
                    viewBox="0 0 24 24"
                    xmlns="http://www.w3.org/2000/svg"
                  >
                    <path
                      d="M21 21l-5.197-5.197m0 0A7.5 7.5 0 105.196 5.196a7.5 7.5 0 0010.607 10.607z"
                      stroke-linecap="round"
                      stroke-linejoin="round"
                    />
                  </svg>
                  <span
                    class="pl-9"
                  >
                    View Details
                  </span>
                </a>
                <button
                  class="rounded-full font-pop mx-2 text-primary py-2 bg-secondary hover:bg-blue-950 flex justify-center gap-3 hover:underline-offset-4 hover:underline transition-all duration-300"
                  name="add-to-read"
                  type="button"
                >
                  <svg
                    class="w-6 h-6"
                    fill="none"
                    stroke="currentColor"
                    stroke-width="1.5"
                    viewBox="0 0 24 24"
                    xmlns="http://www.w3.org/2000/svg"
                  >
                    <path
                      d="M12 9v6m3-3H9m12 0a9 9 0 11-18 0 9 9 0 0118 0z"
                      stroke-linecap="round"
                      stroke-linejoin="round"
                    />
                  </svg>
                  <span>
                    Add to Read
                  </span>
                </button>
              </div>
            </li>
            <li
              class="relative group h-auto w-[100%] rounded-lg shadow-md shadow-gray-800"
            >
              <img
                class="aspect-[2/3] object-cover group-hover:opacity-50 transition-opacity duration-300 rounded-lg"
                src="https://images-na.ssl-images-amazon.com/images/S/compressed.photo.goodreads.com/books/1657781256i/61439040.jpg"
                style="opacity: 1;"
              />
              <div
                class="absolute left-0 right-0 flex flex-col gap-3 transition-opacity duration-300 opacity-0 bottom-4 group-hover:opacity-100 font-pop text-background"
              >
                <a
                  class="py-2 mx-2 text-center transition-all duration-300 rounded-full hover:bg-primary hover:text-background font-pop bg-background-light text-primary hover:underline-offset-4 hover:underline"
                  href="/book/978-0451524935"
                >
                  <svg
                    class="absolute w-6 h-6 left-6"
                    fill="none"
                    stroke="currentColor"
                    stroke-width="1.5"
                    viewBox="0 0 24 24"
                    xmlns="http://www.w3.org/2000/svg"
                  >
                    <path
                      d="M21 21l-5.197-5.197m0 0A7.5 7.5 0 105.196 5.196a7.5 7.5 0 0010.607 10.607z"
                      stroke-linecap="round"
                      stroke-linejoin="round"
                    />
                  </svg>
                  <span
                    class="pl-9"
                  >
                    View Details
                  </span>
                </a>
                <button
                  class="rounded-full font-pop mx-2 text-primary py-2 bg-secondary hover:bg-blue-950 flex justify-center gap-3 hover:underline-offset-4 hover:underline transition-all duration-300"
                  name="add-to-read"
                  type="button"
                >
                  <svg
                    class="w-6 h-6"
                    fill="none"
                    stroke="currentColor"
                    stroke-width="1.5"
                    viewBox="0 0 24 24"
                    xmlns="http://www.w3.org/2000/svg"
                  >
                    <path
                      d="M12 9v6m3-3H9m12 0a9 9 0 11-18 0 9 9 0 0118 0z"
                      stroke-linecap="round"
                      stroke-linejoin="round"
                    />
                  </svg>
                  <span>
                    Add to Read
                  </span>
                </button>
              </div>
            </li>
            <li
              class="relative group h-auto w-[100%] rounded-lg shadow-md shadow-gray-800"
            >
              <img
                class="aspect-[2/3] object-cover group-hover:opacity-50 transition-opacity duration-300 rounded-lg"
                src="https://images-na.ssl-images-amazon.com/images/S/compressed.photo.goodreads.com/books/1422626176i/24762432.jpg"
                style="opacity: 1;"
              />
              <div
                class="absolute left-0 right-0 flex flex-col gap-3 transition-opacity duration-300 opacity-0 bottom-4 group-hover:opacity-100 font-pop text-background"
              >
                <a
                  class="py-2 mx-2 text-center transition-all duration-300 rounded-full hover:bg-primary hover:text-background font-pop bg-background-light text-primary hover:underline-offset-4 hover:underline"
                  href="/book/978-4444532611"
                >
                  <svg
                    class="absolute w-6 h-6 left-6"
                    fill="none"
                    stroke="currentColor"
                    stroke-width="1.5"
                    viewBox="0 0 24 24"
                    xmlns="http://www.w3.org/2000/svg"
                  >
                    <path
                      d="M21 21l-5.197-5.197m0 0A7.5 7.5 0 105.196 5.196a7.5 7.5 0 0010.607 10.607z"
                      stroke-linecap="round"
                      stroke-linejoin="round"
                    />
                  </svg>
                  <span
                    class="pl-9"
                  >
                    View Details
                  </span>
                </a>
                <button
                  class="rounded-full font-pop mx-2 text-primary py-2 bg-secondary hover:bg-blue-950 flex justify-center gap-3 hover:underline-offset-4 hover:underline transition-all duration-300"
                  name="add-to-read"
                  type="button"
                >
                  <svg
                    class="w-6 h-6"
                    fill="none"
                    stroke="currentColor"
                    stroke-width="1.5"
                    viewBox="0 0 24 24"
                    xmlns="http://www.w3.org/2000/svg"
                  >
                    <path
                      d="M12 9v6m3-3H9m12 0a9 9 0 11-18 0 9 9 0 0118 0z"
                      stroke-linecap="round"
                      stroke-linejoin="round"
                    />
                  </svg>
                  <span>
                    Add to Read
                  </span>
                </button>
              </div>
            </li>
            <li
              class="relative group h-auto w-[100%] rounded-lg shadow-md shadow-gray-800"
            >
              <img
                class="aspect-[2/3] object-cover group-hover:opacity-50 transition-opacity duration-300 rounded-lg"
                src="https://images-na.ssl-images-amazon.com/images/S/compressed.photo.goodreads.com/books/1555447414i/44767458.jpg"
                style="opacity: 1;"
              />
              <div
                class="absolute left-0 right-0 flex flex-col gap-3 transition-opacity duration-300 opacity-0 bottom-4 group-hover:opacity-100 font-pop text-background"
              >
                <a
                  class="py-2 mx-2 text-center transition-all duration-300 rounded-full hover:bg-primary hover:text-background font-pop bg-background-light text-primary hover:underline-offset-4 hover:underline"
                  href="/book/978-0441172719"
                >
                  <svg
                    class="absolute w-6 h-6 left-6"
                    fill="none"
                    stroke="currentColor"
                    stroke-width="1.5"
                    viewBox="0 0 24 24"
                    xmlns="http://www.w3.org/2000/svg"
                  >
                    <path
                      d="M21 21l-5.197-5.197m0 0A7.5 7.5 0 105.196 5.196a7.5 7.5 0 0010.607 10.607z"
                      stroke-linecap="round"
                      stroke-linejoin="round"
                    />
                  </svg>
                  <span
                    class="pl-9"
                  >
                    View Details
                  </span>
                </a>
                <button
                  class="rounded-full font-pop mx-2 text-primary py-2 bg-secondary hover:bg-blue-950 flex justify-center gap-3 hover:underline-offset-4 hover:underline transition-all duration-300"
                  name="add-to-read"
                  type="button"
                >
                  <svg
                    class="w-6 h-6"
                    fill="none"
                    stroke="currentColor"
                    stroke-width="1.5"
                    viewBox="0 0 24 24"
                    xmlns="http://www.w3.org/2000/svg"
                  >
                    <path
                      d="M12 9v6m3-3H9m12 0a9 9 0 11-18 0 9 9 0 0118 0z"
                      stroke-linecap="round"
                      stroke-linejoin="round"
                    />
                  </svg>
                  <span>
                    Add to Read
                  </span>
                </button>
              </div>
            </li>
            <li
              class="relative group h-auto w-[100%] rounded-lg shadow-md shadow-gray-800"
            >
              <img
                class="aspect-[2/3] object-cover group-hover:opacity-50 transition-opacity duration-300 rounded-lg"
                src="https://images-na.ssl-images-amazon.com/images/S/compressed.photo.goodreads.com/books/1653311117i/6691227.jpg"
                style="opacity: 1;"
              />
              <div
                class="absolute left-0 right-0 flex flex-col gap-3 transition-opacity duration-300 opacity-0 bottom-4 group-hover:opacity-100 font-pop text-background"
              >
                <a
                  class="py-2 mx-2 text-center transition-all duration-300 rounded-full hover:bg-primary hover:text-background font-pop bg-background-light text-primary hover:underline-offset-4 hover:underline"
                  href="/book/978-0345391803"
                >
                  <svg
                    class="absolute w-6 h-6 left-6"
                    fill="none"
                    stroke="currentColor"
                    stroke-width="1.5"
                    viewBox="0 0 24 24"
                    xmlns="http://www.w3.org/2000/svg"
                  >
                    <path
                      d="M21 21l-5.197-5.197m0 0A7.5 7.5 0 105.196 5.196a7.5 7.5 0 0010.607 10.607z"
                      stroke-linecap="round"
                      stroke-linejoin="round"
                    />
                  </svg>
                  <span
                    class="pl-9"
                  >
                    View Details
                  </span>
                </a>
                <button
                  class="rounded-full font-pop mx-2 text-primary py-2 bg-secondary hover:bg-blue-950 flex justify-center gap-3 hover:underline-offset-4 hover:underline transition-all duration-300"
                  name="add-to-read"
                  type="button"
                >
                  <svg
                    class="w-6 h-6"
                    fill="none"
                    stroke="currentColor"
                    stroke-width="1.5"
                    viewBox="0 0 24 24"
                    xmlns="http://www.w3.org/2000/svg"
                  >
                    <path
                      d="M12 9v6m3-3H9m12 0a9 9 0 11-18 0 9 9 0 0118 0z"
                      stroke-linecap="round"
                      stroke-linejoin="round"
                    />
                  </svg>
                  <span>
                    Add to Read
                  </span>
                </button>
              </div>
            </li>
            <li
              class="relative group h-auto w-[100%] rounded-lg shadow-md shadow-gray-800"
            >
              <img
                class="aspect-[2/3] object-cover group-hover:opacity-50 transition-opacity duration-300 rounded-lg"
                src="https://images-na.ssl-images-amazon.com/images/S/compressed.photo.goodreads.com/books/1554437249i/6088007.jpg"
                style="opacity: 1;"
              />
              <div
                class="absolute left-0 right-0 flex flex-col gap-3 transition-opacity duration-300 opacity-0 bottom-4 group-hover:opacity-100 font-pop text-background"
              >
                <a
                  class="py-2 mx-2 text-center transition-all duration-300 rounded-full hover:bg-primary hover:text-background font-pop bg-background-light text-primary hover:underline-offset-4 hover:underline"
                  href="/book/978-0441569595"
                >
                  <svg
                    class="absolute w-6 h-6 left-6"
                    fill="none"
                    stroke="currentColor"
                    stroke-width="1.5"
                    viewBox="0 0 24 24"
                    xmlns="http://www.w3.org/2000/svg"
                  >
                    <path
                      d="M21 21l-5.197-5.197m0 0A7.5 7.5 0 105.196 5.196a7.5 7.5 0 0010.607 10.607z"
                      stroke-linecap="round"
                      stroke-linejoin="round"
                    />
                  </svg>
                  <span
                    class="pl-9"
                  >
                    View Details
                  </span>
                </a>
                <button
                  class="rounded-full font-pop mx-2 text-primary py-2 bg-secondary hover:bg-blue-950 flex justify-center gap-3 hover:underline-offset-4 hover:underline transition-all duration-300"
                  name="add-to-read"
                  type="button"
                >
                  <svg
                    class="w-6 h-6"
                    fill="none"
                    stroke="currentColor"
                    stroke-width="1.5"
                    viewBox="0 0 24 24"
                    xmlns="http://www.w3.org/2000/svg"
                  >
                    <path
                      d="M12 9v6m3-3H9m12 0a9 9 0 11-18 0 9 9 0 0118 0z"
                      stroke-linecap="round"
                      stroke-linejoin="round"
                    />
                  </svg>
                  <span>
                    Add to Read
                  </span>
                </button>
              </div>
            </li>
            <li
              class="relative group h-auto w-[100%] rounded-lg shadow-md shadow-gray-800"
            >
              <img
                class="aspect-[2/3] object-cover group-hover:opacity-50 transition-opacity duration-300 rounded-lg"
                src="https://images-na.ssl-images-amazon.com/images/S/compressed.photo.goodreads.com/books/1383718290i/13079982.jpg"
                style="opacity: 1;"
              />
              <div
                class="absolute left-0 right-0 flex flex-col gap-3 transition-opacity duration-300 opacity-0 bottom-4 group-hover:opacity-100 font-pop text-background"
              >
                <a
                  class="py-2 mx-2 text-center transition-all duration-300 rounded-full hover:bg-primary hover:text-background font-pop bg-background-light text-primary hover:underline-offset-4 hover:underline"
                  href="/book/978-1451673319"
                >
                  <svg
                    class="absolute w-6 h-6 left-6"
                    fill="none"
                    stroke="currentColor"
                    stroke-width="1.5"
                    viewBox="0 0 24 24"
                    xmlns="http://www.w3.org/2000/svg"
                  >
                    <path
                      d="M21 21l-5.197-5.197m0 0A7.5 7.5 0 105.196 5.196a7.5 7.5 0 0010.607 10.607z"
                      stroke-linecap="round"
                      stroke-linejoin="round"
                    />
                  </svg>
                  <span
                    class="pl-9"
                  >
                    View Details
                  </span>
                </a>
                <button
                  class="rounded-full font-pop mx-2 text-primary py-2 bg-secondary hover:bg-blue-950 flex justify-center gap-3 hover:underline-offset-4 hover:underline transition-all duration-300"
                  name="add-to-read"
                  type="button"
                >
                  <svg
                    class="w-6 h-6"
                    fill="none"
                    stroke="currentColor"
                    stroke-width="1.5"
                    viewBox="0 0 24 24"
                    xmlns="http://www.w3.org/2000/svg"
                  >
                    <path
                      d="M12 9v6m3-3H9m12 0a9 9 0 11-18 0 9 9 0 0118 0z"
                      stroke-linecap="round"
                      stroke-linejoin="round"
                    />
                  </svg>
                  <span>
                    Add to Read
                  </span>
                </button>
              </div>
            </li>
            <li
              class="relative group h-auto w-[100%] rounded-lg shadow-md shadow-gray-800"
            >
              <img
                class="aspect-[2/3] object-cover group-hover:opacity-50 transition-opacity duration-300 rounded-lg"
                src="https://images-na.ssl-images-amazon.com/images/S/compressed.photo.goodreads.com/books/1641398308i/60038757.jpg"
                style="opacity: 1;"
              />
              <div
                class="absolute left-0 right-0 flex flex-col gap-3 transition-opacity duration-300 opacity-0 bottom-4 group-hover:opacity-100 font-pop text-background"
              >
                <a
                  class="py-2 mx-2 text-center transition-all duration-300 rounded-full hover:bg-primary hover:text-background font-pop bg-background-light text-primary hover:underline-offset-4 hover:underline"
                  href="/book/978-0307743657"
                >
                  <svg
                    class="absolute w-6 h-6 left-6"
                    fill="none"
                    stroke="currentColor"
                    stroke-width="1.5"
                    viewBox="0 0 24 24"
                    xmlns="http://www.w3.org/2000/svg"
                  >
                    <path
                      d="M21 21l-5.197-5.197m0 0A7.5 7.5 0 105.196 5.196a7.5 7.5 0 0010.607 10.607z"
                      stroke-linecap="round"
                      stroke-linejoin="round"
                    />
                  </svg>
                  <span
                    class="pl-9"
                  >
                    View Details
                  </span>
                </a>
                <button
                  class="rounded-full font-pop mx-2 text-primary py-2 bg-secondary hover:bg-blue-950 flex justify-center gap-3 hover:underline-offset-4 hover:underline transition-all duration-300"
                  name="add-to-read"
                  type="button"
                >
                  <svg
                    class="w-6 h-6"
                    fill="none"
                    stroke="currentColor"
                    stroke-width="1.5"
                    viewBox="0 0 24 24"
                    xmlns="http://www.w3.org/2000/svg"
                  >
                    <path
                      d="M12 9v6m3-3H9m12 0a9 9 0 11-18 0 9 9 0 0118 0z"
                      stroke-linecap="round"
                      stroke-linejoin="round"
                    />
                  </svg>
                  <span>
                    Add to Read
                  </span>
                </button>
              </div>
            </li>
            <li
              class="relative group h-auto w-[100%] rounded-lg shadow-md shadow-gray-800"
            >
              <img
                class="aspect-[2/3] object-cover group-hover:opacity-50 transition-opacity duration-300 rounded-lg"
                src="https://images-na.ssl-images-amazon.com/images/S/compressed.photo.goodreads.com/books/1387151694i/17245.jpg"
                style="opacity: 1;"
              />
              <div
                class="absolute left-0 right-0 flex flex-col gap-3 transition-opacity duration-300 opacity-0 bottom-4 group-hover:opacity-100 font-pop text-background"
              >
                <a
                  class="py-2 mx-2 text-center transition-all duration-300 rounded-full hover:bg-primary hover:text-background font-pop bg-background-light text-primary hover:underline-offset-4 hover:underline"
                  href="/book/978-0486411095"
                >
                  <svg
                    class="absolute w-6 h-6 left-6"
                    fill="none"
                    stroke="currentColor"
                    stroke-width="1.5"
                    viewBox="0 0 24 24"
                    xmlns="http://www.w3.org/2000/svg"
                  >
                    <path
                      d="M21 21l-5.197-5.197m0 0A7.5 7.5 0 105.196 5.196a7.5 7.5 0 0010.607 10.607z"
                      stroke-linecap="round"
                      stroke-linejoin="round"
                    />
                  </svg>
                  <span
                    class="pl-9"
                  >
                    View Details
                  </span>
                </a>
                <button
                  class="rounded-full font-pop mx-2 text-primary py-2 bg-secondary hover:bg-blue-950 flex justify-center gap-3 hover:underline-offset-4 hover:underline transition-all duration-300"
                  name="add-to-read"
                  type="button"
                >
                  <svg
                    class="w-6 h-6"
                    fill="none"
                    stroke="currentColor"
                    stroke-width="1.5"
                    viewBox="0 0 24 24"
                    xmlns="http://www.w3.org/2000/svg"
                  >
                    <path
                      d="M12 9v6m3-3H9m12 0a9 9 0 11-18 0 9 9 0 0118 0z"
                      stroke-linecap="round"
                      stroke-linejoin="round"
                    />
                  </svg>
                  <span>
                    Add to Read
                  </span>
                </button>
              </div>
            </li>
            <li
              class="relative group h-auto w-[100%] rounded-lg shadow-md shadow-gray-800"
            >
              <img
                class="aspect-[2/3] object-cover group-hover:opacity-50 transition-opacity duration-300 rounded-lg"
                src="https://images-na.ssl-images-amazon.com/images/S/compressed.photo.goodreads.com/books/1669159060i/63631742.jpg"
                style="opacity: 1;"
              />
              <div
                class="absolute left-0 right-0 flex flex-col gap-3 transition-opacity duration-300 opacity-0 bottom-4 group-hover:opacity-100 font-pop text-background"
              >
                <a
                  class="py-2 mx-2 text-center transition-all duration-300 rounded-full hover:bg-primary hover:text-background font-pop bg-background-light text-primary hover:underline-offset-4 hover:underline"
                  href="/book/978-0486282114"
                >
                  <svg
                    class="absolute w-6 h-6 left-6"
                    fill="none"
                    stroke="currentColor"
                    stroke-width="1.5"
                    viewBox="0 0 24 24"
                    xmlns="http://www.w3.org/2000/svg"
                  >
                    <path
                      d="M21 21l-5.197-5.197m0 0A7.5 7.5 0 105.196 5.196a7.5 7.5 0 0010.607 10.607z"
                      stroke-linecap="round"
                      stroke-linejoin="round"
                    />
                  </svg>
                  <span
                    class="pl-9"
                  >
                    View Details
                  </span>
                </a>
                <button
                  class="rounded-full font-pop mx-2 text-primary py-2 bg-secondary hover:bg-blue-950 flex justify-center gap-3 hover:underline-offset-4 hover:underline transition-all duration-300"
                  name="add-to-read"
                  type="button"
                >
                  <svg
                    class="w-6 h-6"
                    fill="none"
                    stroke="currentColor"
                    stroke-width="1.5"
                    viewBox="0 0 24 24"
                    xmlns="http://www.w3.org/2000/svg"
                  >
                    <path
                      d="M12 9v6m3-3H9m12 0a9 9 0 11-18 0 9 9 0 0118 0z"
                      stroke-linecap="round"
                      stroke-linejoin="round"
                    />
                  </svg>
                  <span>
                    Add to Read
                  </span>
                </button>
              </div>
            </li>
            <li
              class="relative group h-auto w-[100%] rounded-lg shadow-md shadow-gray-800"
            >
              <img
                class="aspect-[2/3] object-cover group-hover:opacity-50 transition-opacity duration-300 rounded-lg"
                src="https://images-na.ssl-images-amazon.com/images/S/compressed.photo.goodreads.com/books/1485924654i/34094154.jpg"
                style="opacity: 1;"
              />
              <div
                class="absolute left-0 right-0 flex flex-col gap-3 transition-opacity duration-300 opacity-0 bottom-4 group-hover:opacity-100 font-pop text-background"
              >
                <a
                  class="py-2 mx-2 text-center transition-all duration-300 rounded-full hover:bg-primary hover:text-background font-pop bg-background-light text-primary hover:underline-offset-4 hover:underline"
                  href="/book/978-1542461690"
                >
                  <svg
                    class="absolute w-6 h-6 left-6"
                    fill="none"
                    stroke="currentColor"
                    stroke-width="1.5"
                    viewBox="0 0 24 24"
                    xmlns="http://www.w3.org/2000/svg"
                  >
                    <path
                      d="M21 21l-5.197-5.197m0 0A7.5 7.5 0 105.196 5.196a7.5 7.5 0 0010.607 10.607z"
                      stroke-linecap="round"
                      stroke-linejoin="round"
                    />
                  </svg>
                  <span
                    class="pl-9"
                  >
                    View Details
                  </span>
                </a>
                <button
                  class="rounded-full font-pop mx-2 text-primary py-2 bg-secondary hover:bg-blue-950 flex justify-center gap-3 hover:underline-offset-4 hover:underline transition-all duration-300"
                  name="add-to-read"
                  type="button"
                >
                  <svg
                    class="w-6 h-6"
                    fill="none"
                    stroke="currentColor"
                    stroke-width="1.5"
                    viewBox="0 0 24 24"
                    xmlns="http://www.w3.org/2000/svg"
                  >
                    <path
                      d="M12 9v6m3-3H9m12 0a9 9 0 11-18 0 9 9 0 0118 0z"
                      stroke-linecap="round"
                      stroke-linejoin="round"
                    />
                  </svg>
                  <span>
                    Add to Read
                  </span>
                </button>
              </div>
            </li>
          </ul>
        </section>
      </main>
    </div>
  </div>,
  "debug": [Function],
  "findAllByAltText": [Function],
  "findAllByDisplayValue": [Function],
  "findAllByLabelText": [Function],
  "findAllByPlaceholderText": [Function],
  "findAllByRole": [Function],
  "findAllByTestId": [Function],
  "findAllByText": [Function],
  "findAllByTitle": [Function],
  "findByAltText": [Function],
  "findByDisplayValue": [Function],
  "findByLabelText": [Function],
  "findByPlaceholderText": [Function],
  "findByRole": [Function],
  "findByTestId": [Function],
  "findByText": [Function],
  "findByTitle": [Function],
  "getAllByAltText": [Function],
  "getAllByDisplayValue": [Function],
  "getAllByLabelText": [Function],
  "getAllByPlaceholderText": [Function],
  "getAllByRole": [Function],
  "getAllByTestId": [Function],
  "getAllByText": [Function],
  "getAllByTitle": [Function],
  "getByAltText": [Function],
  "getByDisplayValue": [Function],
  "getByLabelText": [Function],
  "getByPlaceholderText": [Function],
  "getByRole": [Function],
  "getByTestId": [Function],
  "getByText": [Function],
  "getByTitle": [Function],
  "queryAllByAltText": [Function],
  "queryAllByDisplayValue": [Function],
  "queryAllByLabelText": [Function],
  "queryAllByPlaceholderText": [Function],
  "queryAllByRole": [Function],
  "queryAllByTestId": [Function],
  "queryAllByText": [Function],
  "queryAllByTitle": [Function],
  "queryByAltText": [Function],
  "queryByDisplayValue": [Function],
  "queryByLabelText": [Function],
  "queryByPlaceholderText": [Function],
  "queryByRole": [Function],
  "queryByTestId": [Function],
  "queryByText": [Function],
  "queryByTitle": [Function],
  "rerender": [Function],
  "unmount": [Function],
}
`;
